
> client@0.0.0 build
> vite build

npm : [33mYou are 
using Node.js 
20.18.2. Vite 
requires Node.js 
version 20.19+ or 
22.12+. Please 
upgrade your Node.js 
version.[39m
At line:1 char:1
+ npm run build > 
build_output.txt 2>&1
+ ~~~~~~~~~~~~~~~~~~~
~~~~~~~~~~~~~~~~~~
    + CategoryInfo   
           : NotSpe  
  cified: ([33mYo   
 u are us...s ver    
sion.[39m:Strin    
g) [], RemoteExc    
eption
    + FullyQualified 
   ErrorId : Native  
  CommandError
 
[36mvite v7.3.1 [32mbuilding client environment for production...[36m[39m
transforming...
[32mΓ£ô[39m 11 modules transformed.
[31mΓ£ù[39m Build 
failed in 748ms
[31merror during 
build:
[31m[vite:css] 
[postcss] 
C:/Users/Krishna Yada
v/OneDrive/Documents/
FinalYear/client/src/
index.css:1:1: The 
`border-border` 
class does not 
exist. If 
`border-border` is a 
custom class, make 
sure it is defined 
within a `@layer` 
directive.[31m
file: [36mC:/Users/K
rishna Yadav/OneDrive
/Documents/FinalYear/
client/src/index.css:
1:0[31m
    at Input.error 
(C:\Users\Krishna Yad
av\OneDrive\Documents
\FinalYear\client\nod
e_modules\postcss\lib
\input.js:135:16)
    at AtRule.error 
(C:\Users\Krishna Yad
av\OneDrive\Documents
\FinalYear\client\nod
e_modules\postcss\lib
\node.js:146:32)
    at processApply 
(C:\Users\Krishna Yad
av\OneDrive\Documents
\FinalYear\client\nod
e_modules\tailwindcss
\lib\lib\expandApplyA
tRules.js:380:29)
    at 
C:\Users\Krishna Yada
v\OneDrive\Documents\
FinalYear\client\node
_modules\tailwindcss\
lib\lib\expandApplyAt
Rules.js:551:9
    at 
C:\Users\Krishna Yada
v\OneDrive\Documents\
FinalYear\client\node
_modules\tailwindcss\
lib\processTailwindFe
atures.js:55:50
    at async plugins 
(C:\Users\Krishna Yad
av\OneDrive\Documents
\FinalYear\client\nod
e_modules\tailwindcss
\lib\plugin.js:38:17)
    at async 
LazyResult.runAsync 
(C:\Users\Krishna Yad
av\OneDrive\Documents
\FinalYear\client\nod
e_modules\postcss\lib
\lazy-result.js:293:1
1)
    at async 
runPostCSS (file:///C
:/Users/Krishna%20Yad
av/OneDrive/Documents
/FinalYear/client/nod
e_modules/vite/dist/n
ode/chunks/config.js:
30145:19)
    at async 
compilePostCSS (file:
///C:/Users/Krishna%2
0Yadav/OneDrive/Docum
ents/FinalYear/client
/node_modules/vite/di
st/node/chunks/config
.js:30129:6)
    at async 
compileCSS (file:///C
:/Users/Krishna%20Yad
av/OneDrive/Documents
/FinalYear/client/nod
e_modules/vite/dist/n
ode/chunks/config.js:
30059:26)[39m
